LINKEDIN_GUEST Egypt: 20 listings
LINKEDIN_GUEST United Arab Emirates: 20 listings
LINKEDIN_GUEST Saudi Arabia: 20 listings
LINKEDIN_GUEST Qatar: 19 listings
LINKEDIN_GUEST Kuwait: 19 listings
LINKEDIN_GUEST Oman: 19 listings
LINKEDIN_GUEST Bahrain: 20 listings
LINKEDIN_GUEST Jordan: 20 listings
LINKEDIN_GUEST Lebanon: 20 listings
LINKEDIN_GUEST DONE: added 64, queue total 294
LINKEDIN_GUEST Egypt: 19 listings
LINKEDIN_GUEST United Arab Emirates: 19 listings
LINKEDIN_GUEST Saudi Arabia: 19 listings
LINKEDIN_GUEST Qatar: 20 listings
LINKEDIN_GUEST Kuwait: 20 listings
LINKEDIN_GUEST Oman: 20 listings
LINKEDIN_GUEST Bahrain: 20 listings
LINKEDIN_GUEST Jordan: 20 listings
LINKEDIN_GUEST Lebanon: 20 listings
LINKEDIN_GUEST DONE: added 151, queue total 445
LINKEDIN_GUEST Egypt: 15 listings
LINKEDIN_GUEST United Arab Emirates: 15 listings
LINKEDIN_GUEST Saudi Arabia: 15 listings
LINKEDIN_GUEST Qatar: 15 listings
LINKEDIN_GUEST Kuwait: 15 listings
LINKEDIN_GUEST Oman: 15 listings
LINKEDIN_GUEST Bahrain: 15 listings
LINKEDIN_GUEST Jordan: 15 listings
LINKEDIN_GUEST Lebanon: 15 listings
LINKEDIN_GUEST DONE: added 123, queue total 568
EXTENDED: fetched 100, added 1, queue total 569
jobicy err: HTTP Error 400: Bad Request
free APIs: +18 jobs (remotive/jobicy), total queue: 587
  * Software Engineer / AI Code Trainer (Python, Web, Full Stack) @ CodeForAI
  * Freelance Copywriter @ Coalition Technologies 
  * Senior React Full-stack Developer @ Lemon.io
  * Senior back-end Engineer @ Lemon.io
  * Content Reviewer - United States @ TELUS Digital
  * Frontend Web Application Developer @ KoboToolbox
